#-----------------------------------------------------------
# Vivado v2019.1 (64-bit)
# SW Build 2552052 on Fri May 24 14:49:42 MDT 2019
# IP Build 2548770 on Fri May 24 18:01:18 MDT 2019
# Start of session at: Tue May 17 20:15:37 2022
# Process ID: 15260
# Current directory: C:/Users/yvvan/OneDrive - email.ucr.edu/Documents/VSCLAB Research/Approximate Computing/mac_array_64x64
# Command line: vivado.exe -gui_launcher_event rodinguilauncherevent19608 C:\Users\yvvan\OneDrive - email.ucr.edu\Documents\VSCLAB Research\Approximate Computing\mac_array_64x64\mac_array_64x64.xpr
# Log file: C:/Users/yvvan/OneDrive - email.ucr.edu/Documents/VSCLAB Research/Approximate Computing/mac_array_64x64/vivado.log
# Journal file: C:/Users/yvvan/OneDrive - email.ucr.edu/Documents/VSCLAB Research/Approximate Computing/mac_array_64x64\vivado.jou
#-----------------------------------------------------------
start_gui
open_project {C:/Users/yvvan/OneDrive - email.ucr.edu/Documents/VSCLAB Research/Approximate Computing/mac_array_64x64/mac_array_64x64.xpr}
update_compile_order -fileset sources_1
update_compile_order -fileset sim_1
