#-----------------------------------------------------------
# Vivado v2019.1 (64-bit)
# SW Build 2552052 on Fri May 24 14:49:42 MDT 2019
# IP Build 2548770 on Fri May 24 18:01:18 MDT 2019
# Start of session at: Fri Apr 22 00:14:28 2022
# Process ID: 9604
# Current directory: C:/Users/yvvan/Documents/Research/Approximate Computing/mac_unit
# Command line: vivado.exe -gui_launcher_event rodinguilauncherevent11600 C:\Users\yvvan\Documents\Research\Approximate Computing\mac_unit\mac_unit.xpr
# Log file: C:/Users/yvvan/Documents/Research/Approximate Computing/mac_unit/vivado.log
# Journal file: C:/Users/yvvan/Documents/Research/Approximate Computing/mac_unit\vivado.jou
#-----------------------------------------------------------
start_gui
open_project {C:/Users/yvvan/Documents/Research/Approximate Computing/mac_unit/mac_unit.xpr}
update_compile_order -fileset sources_1
synth_design -rtl -name rtl_1
synth_design -rtl -name rtl_1
synth_design -rtl -name rtl_1
launch_simulation
open_wave_config {C:/Users/yvvan/Documents/Research/Approximate Computing/mac_unit/mac_unit_tb_behav.wcfg}
source mac_unit_tb.tcl
close_sim
