#-----------------------------------------------------------
# Vivado v2019.1 (64-bit)
# SW Build 2552052 on Fri May 24 14:49:42 MDT 2019
# IP Build 2548770 on Fri May 24 18:01:18 MDT 2019
# Start of session at: Fri Apr 15 00:52:52 2022
# Process ID: 11800
# Current directory: C:/Users/yvvan/Documents/Research/Approximate Computing/MAC_array
# Command line: vivado.exe -gui_launcher_event rodinguilauncherevent10164 C:\Users\yvvan\Documents\Research\Approximate Computing\MAC_array\MAC_array.xpr
# Log file: C:/Users/yvvan/Documents/Research/Approximate Computing/MAC_array/vivado.log
# Journal file: C:/Users/yvvan/Documents/Research/Approximate Computing/MAC_array\vivado.jou
#-----------------------------------------------------------
start_gui
open_project {C:/Users/yvvan/Documents/Research/Approximate Computing/MAC_array/MAC_array.xpr}
update_compile_order -fileset sources_1
add_files -norecurse {{C:/Users/yvvan/Documents/Research/Approximate Computing/MAC_array/MAC_array.srcs/sources_1/new/register.v}}
update_compile_order -fileset sources_1
update_compile_order -fileset sources_1
update_compile_order -fileset sources_1
synth_design -rtl -name rtl_1
reset_run synth_1
launch_simulation
open_wave_config {C:/Users/yvvan/Documents/Research/Approximate Computing/MAC_array/MAC_array_tb_behav.wcfg}
source MAC_array_tb.tcl
launch_runs synth_1 -jobs 4
wait_on_run synth_1
launch_runs impl_1 -jobs 4
wait_on_run impl_1
close_sim
close_design
update_compile_order -fileset sources_1
synth_design -rtl -name rtl_1
reset_run synth_1
launch_runs synth_1 -jobs 4
wait_on_run synth_1
launch_runs impl_1 -jobs 4
wait_on_run impl_1
close_design
synth_design -rtl -name rtl_1
update_compile_order -fileset sources_1
synth_design -rtl -name rtl_1
update_compile_order -fileset sources_1
refresh_design
launch_simulation
open_wave_config {C:/Users/yvvan/Documents/Research/Approximate Computing/MAC_array/MAC_array_tb_behav.wcfg}
source MAC_array_tb.tcl
reset_run synth_1
launch_runs synth_1 -jobs 4
wait_on_run synth_1
launch_runs impl_1 -jobs 4
wait_on_run impl_1
close_sim
close_design
export_ip_user_files -of_objects  [get_files {{C:/Users/yvvan/Documents/Research/Approximate Computing/MAC_array/MAC_array.srcs/sources_1/new/register.v}}] -no_script -reset -force -quiet
remove_files  {{C:/Users/yvvan/Documents/Research/Approximate Computing/MAC_array/MAC_array.srcs/sources_1/new/register.v}}
export_ip_user_files -of_objects  [get_files {{C:/Users/yvvan/Documents/Research/Approximate Computing/MAC_array/MAC_array.srcs/sources_1/new/MAC_unit.v}}] -no_script -reset -force -quiet
remove_files  {{C:/Users/yvvan/Documents/Research/Approximate Computing/MAC_array/MAC_array.srcs/sources_1/new/MAC_unit.v}}
export_ip_user_files -of_objects  [get_files {{C:/Users/yvvan/Documents/Research/Approximate Computing/MAC_array/MAC_array.srcs/sources_1/new/MAC_array.v}}] -no_script -reset -force -quiet
remove_files  {{C:/Users/yvvan/Documents/Research/Approximate Computing/MAC_array/MAC_array.srcs/sources_1/new/MAC_array.v}}
add_files -norecurse {{C:/Users/yvvan/Documents/Research/Approximate Computing/MAC_array/MAC_array.srcs/sources_1/new/MAC_array.v}}
synth_design -rtl -name rtl_1
launch_simulation
open_wave_config {C:/Users/yvvan/Documents/Research/Approximate Computing/MAC_array/MAC_array_tb_behav.wcfg}
source MAC_array_tb.tcl
reset_run synth_1
launch_runs synth_1 -jobs 4
wait_on_run synth_1
launch_runs impl_1 -jobs 4
wait_on_run impl_1
close_sim
close_design
