#-----------------------------------------------------------
# Vivado v2019.1 (64-bit)
# SW Build 2552052 on Fri May 24 14:49:42 MDT 2019
# IP Build 2548770 on Fri May 24 18:01:18 MDT 2019
# Start of session at: Mon May  2 04:22:17 2022
# Process ID: 10160
# Current directory: C:/Users/yvvan/Documents/VSCLAB Research/Approximate Computing/mac_array_4x4
# Command line: vivado.exe -gui_launcher_event rodinguilauncherevent24304 C:\Users\yvvan\Documents\VSCLAB Research\Approximate Computing\mac_array_4x4\mac_array_4x4.xpr
# Log file: C:/Users/yvvan/Documents/VSCLAB Research/Approximate Computing/mac_array_4x4/vivado.log
# Journal file: C:/Users/yvvan/Documents/VSCLAB Research/Approximate Computing/mac_array_4x4\vivado.jou
#-----------------------------------------------------------
start_gui
open_project {C:/Users/yvvan/Documents/VSCLAB Research/Approximate Computing/mac_array_4x4/mac_array_4x4.xpr}
update_compile_order -fileset sources_1
synth_design -rtl -name rtl_1
launch_simulation
open_wave_config {C:/Users/yvvan/Documents/VSCLAB Research/Approximate Computing/mac_array_4x4/mac_array_4x4_tb_behav.wcfg}
source mac_array_4x4_tb.tcl
save_wave_config {C:/Users/yvvan/Documents/VSCLAB Research/Approximate Computing/mac_array_4x4/mac_array_4x4_tb_behav.wcfg}
close_sim
