#-----------------------------------------------------------
# Vivado v2019.1 (64-bit)
# SW Build 2552052 on Fri May 24 14:49:42 MDT 2019
# IP Build 2548770 on Fri May 24 18:01:18 MDT 2019
# Start of session at: Sun May 22 19:04:21 2022
# Process ID: 11044
# Current directory: C:/Users/yvvan/Documents/VSCLAB Research/Approximate Computing/mac_array_8x8
# Command line: vivado.exe -gui_launcher_event rodinguilauncherevent9084 C:\Users\yvvan\Documents\VSCLAB Research\Approximate Computing\mac_array_8x8\mac_array_8x8.xpr
# Log file: C:/Users/yvvan/Documents/VSCLAB Research/Approximate Computing/mac_array_8x8/vivado.log
# Journal file: C:/Users/yvvan/Documents/VSCLAB Research/Approximate Computing/mac_array_8x8\vivado.jou
#-----------------------------------------------------------
start_gui
open_project {C:/Users/yvvan/Documents/VSCLAB Research/Approximate Computing/mac_array_8x8/mac_array_8x8.xpr}
update_compile_order -fileset sources_1
synth_design -rtl -name rtl_1
launch_simulation
open_wave_config {C:/Users/yvvan/Documents/VSCLAB Research/Approximate Computing/mac_array_8x8/mac_array_8x8_tb_behav.wcfg}
source mac_array_8x8_tb.tcl
